Found existing installation: torchcodec 0.12.0
Uninstalling torchcodec-0.12.0:
  Successfully uninstalled torchcodec-0.12.0
Collecting datasets==2.19.0
  Using cached datasets-2.19.0-py3-none-any.whl.metadata (19 kB)
Requirement already satisfied: soundfile in ./.venv_ampere/lib64/python3.11/site-packages (0.13.1)
Requirement already satisfied: filelock in ./.venv_ampere/lib64/python3.11/site-packages (from datasets==2.19.0) (3.29.0)
Requirement already satisfied: numpy>=1.17 in ./.venv_ampere/lib64/python3.11/site-packages (from datasets==2.19.0) (2.4.4)
Requirement already satisfied: pyarrow>=12.0.0 in ./.venv_ampere/lib64/python3.11/site-packages (from datasets==2.19.0) (24.0.0)
Collecting pyarrow-hotfix (from datasets==2.19.0)
  Using cached pyarrow_hotfix-0.7-py3-none-any.whl.metadata (3.6 kB)
Collecting dill<0.3.9,>=0.3.0 (from datasets==2.19.0)
  Using cached dill-0.3.8-py3-none-any.whl.metadata (10 kB)
Requirement already satisfied: pandas in ./.venv_ampere/lib64/python3.11/site-packages (from datasets==2.19.0) (3.0.3)
Requirement already satisfied: requests>=2.19.0 in ./.venv_ampere/lib64/python3.11/site-packages (from datasets==2.19.0) (2.34.0)
Requirement already satisfied: tqdm>=4.62.1 in ./.venv_ampere/lib64/python3.11/site-packages (from datasets==2.19.0) (4.67.3)
Requirement already satisfied: xxhash in ./.venv_ampere/lib64/python3.11/site-packages (from datasets==2.19.0) (3.7.0)
Requirement already satisfied: multiprocess in ./.venv_ampere/lib64/python3.11/site-packages (from datasets==2.19.0) (0.70.19)
Collecting fsspec<=2024.3.1,>=2023.1.0 (from fsspec[http]<=2024.3.1,>=2023.1.0->datasets==2.19.0)
  Using cached fsspec-2024.3.1-py3-none-any.whl.metadata (6.8 kB)
Requirement already satisfied: aiohttp in ./.venv_ampere/lib64/python3.11/site-packages (from datasets==2.19.0) (3.13.5)
Requirement already satisfied: huggingface-hub>=0.21.2 in ./.venv_ampere/lib64/python3.11/site-packages (from datasets==2.19.0) (1.14.0)
Requirement already satisfied: packaging in ./.venv_ampere/lib64/python3.11/site-packages (from datasets==2.19.0) (26.2)
Requirement already satisfied: pyyaml>=5.1 in ./.venv_ampere/lib64/python3.11/site-packages (from datasets==2.19.0) (6.0.3)
Requirement already satisfied: cffi>=1.0 in ./.venv_ampere/lib64/python3.11/site-packages (from soundfile) (2.0.0)
Requirement already satisfied: aiohappyeyeballs>=2.5.0 in ./.venv_ampere/lib64/python3.11/site-packages (from aiohttp->datasets==2.19.0) (2.6.1)
Requirement already satisfied: aiosignal>=1.4.0 in ./.venv_ampere/lib64/python3.11/site-packages (from aiohttp->datasets==2.19.0) (1.4.0)
Requirement already satisfied: attrs>=17.3.0 in ./.venv_ampere/lib64/python3.11/site-packages (from aiohttp->datasets==2.19.0) (26.1.0)
Requirement already satisfied: frozenlist>=1.1.1 in ./.venv_ampere/lib64/python3.11/site-packages (from aiohttp->datasets==2.19.0) (1.8.0)
Requirement already satisfied: multidict<7.0,>=4.5 in ./.venv_ampere/lib64/python3.11/site-packages (from aiohttp->datasets==2.19.0) (6.7.1)
Requirement already satisfied: propcache>=0.2.0 in ./.venv_ampere/lib64/python3.11/site-packages (from aiohttp->datasets==2.19.0) (0.5.2)
Requirement already satisfied: yarl<2.0,>=1.17.0 in ./.venv_ampere/lib64/python3.11/site-packages (from aiohttp->datasets==2.19.0) (1.23.0)
Requirement already satisfied: idna>=2.0 in ./.venv_ampere/lib64/python3.11/site-packages (from yarl<2.0,>=1.17.0->aiohttp->datasets==2.19.0) (3.15)
Requirement already satisfied: typing-extensions>=4.2 in ./.venv_ampere/lib64/python3.11/site-packages (from aiosignal>=1.4.0->aiohttp->datasets==2.19.0) (4.15.0)
Requirement already satisfied: pycparser in ./.venv_ampere/lib64/python3.11/site-packages (from cffi>=1.0->soundfile) (3.0)
Requirement already satisfied: hf-xet<2.0.0,>=1.4.3 in ./.venv_ampere/lib64/python3.11/site-packages (from huggingface-hub>=0.21.2->datasets==2.19.0) (1.5.0)
Requirement already satisfied: httpx<1,>=0.23.0 in ./.venv_ampere/lib64/python3.11/site-packages (from huggingface-hub>=0.21.2->datasets==2.19.0) (0.28.1)
Requirement already satisfied: typer>=0.20.0 in ./.venv_ampere/lib64/python3.11/site-packages (from huggingface-hub>=0.21.2->datasets==2.19.0) (0.25.1)
Requirement already satisfied: anyio in ./.venv_ampere/lib64/python3.11/site-packages (from httpx<1,>=0.23.0->huggingface-hub>=0.21.2->datasets==2.19.0) (4.13.0)
Requirement already satisfied: certifi in ./.venv_ampere/lib64/python3.11/site-packages (from httpx<1,>=0.23.0->huggingface-hub>=0.21.2->datasets==2.19.0) (2026.4.22)
Requirement already satisfied: httpcore==1.* in ./.venv_ampere/lib64/python3.11/site-packages (from httpx<1,>=0.23.0->huggingface-hub>=0.21.2->datasets==2.19.0) (1.0.9)
Requirement already satisfied: h11>=0.16 in ./.venv_ampere/lib64/python3.11/site-packages (from httpcore==1.*->httpx<1,>=0.23.0->huggingface-hub>=0.21.2->datasets==2.19.0) (0.16.0)
Requirement already satisfied: charset_normalizer<4,>=2 in ./.venv_ampere/lib64/python3.11/site-packages (from requests>=2.19.0->datasets==2.19.0) (3.4.7)
Requirement already satisfied: urllib3<3,>=1.26 in ./.venv_ampere/lib64/python3.11/site-packages (from requests>=2.19.0->datasets==2.19.0) (2.7.0)
Requirement already satisfied: click>=8.2.1 in ./.venv_ampere/lib64/python3.11/site-packages (from typer>=0.20.0->huggingface-hub>=0.21.2->datasets==2.19.0) (8.3.3)
Requirement already satisfied: shellingham>=1.3.0 in ./.venv_ampere/lib64/python3.11/site-packages (from typer>=0.20.0->huggingface-hub>=0.21.2->datasets==2.19.0) (1.5.4)
Requirement already satisfied: rich>=13.8.0 in ./.venv_ampere/lib64/python3.11/site-packages (from typer>=0.20.0->huggingface-hub>=0.21.2->datasets==2.19.0) (15.0.0)
Requirement already satisfied: annotated-doc>=0.0.2 in ./.venv_ampere/lib64/python3.11/site-packages (from typer>=0.20.0->huggingface-hub>=0.21.2->datasets==2.19.0) (0.0.4)
Requirement already satisfied: markdown-it-py>=2.2.0 in ./.venv_ampere/lib64/python3.11/site-packages (from rich>=13.8.0->typer>=0.20.0->huggingface-hub>=0.21.2->datasets==2.19.0) (4.2.0)
Requirement already satisfied: pygments<3.0.0,>=2.13.0 in ./.venv_ampere/lib64/python3.11/site-packages (from rich>=13.8.0->typer>=0.20.0->huggingface-hub>=0.21.2->datasets==2.19.0) (2.20.0)
Requirement already satisfied: mdurl~=0.1 in ./.venv_ampere/lib64/python3.11/site-packages (from markdown-it-py>=2.2.0->rich>=13.8.0->typer>=0.20.0->huggingface-hub>=0.21.2->datasets==2.19.0) (0.1.2)
INFO: pip is looking at multiple versions of multiprocess to determine which version is compatible with other requirements. This could take a while.
Collecting multiprocess (from datasets==2.19.0)
  Using cached multiprocess-0.70.18-py311-none-any.whl.metadata (7.5 kB)
  Using cached multiprocess-0.70.17-py311-none-any.whl.metadata (7.2 kB)
  Using cached multiprocess-0.70.16-py311-none-any.whl.metadata (7.2 kB)
Requirement already satisfied: python-dateutil>=2.8.2 in ./.venv_ampere/lib64/python3.11/site-packages (from pandas->datasets==2.19.0) (2.9.0.post0)
Requirement already satisfied: six>=1.5 in ./.venv_ampere/lib64/python3.11/site-packages (from python-dateutil>=2.8.2->pandas->datasets==2.19.0) (1.17.0)
Using cached datasets-2.19.0-py3-none-any.whl (542 kB)
Using cached dill-0.3.8-py3-none-any.whl (116 kB)
Using cached fsspec-2024.3.1-py3-none-any.whl (171 kB)
Using cached multiprocess-0.70.16-py311-none-any.whl (143 kB)
Using cached pyarrow_hotfix-0.7-py3-none-any.whl (7.9 kB)
Installing collected packages: pyarrow-hotfix, fsspec, dill, multiprocess, datasets
  Attempting uninstall: fsspec
    Found existing installation: fsspec 2026.2.0
    Uninstalling fsspec-2026.2.0:
      Successfully uninstalled fsspec-2026.2.0
  Attempting uninstall: dill
    Found existing installation: dill 0.4.1
    Uninstalling dill-0.4.1:
      Successfully uninstalled dill-0.4.1
  Attempting uninstall: multiprocess
    Found existing installation: multiprocess 0.70.19
    Uninstalling multiprocess-0.70.19:
      Successfully uninstalled multiprocess-0.70.19
  Attempting uninstall: datasets
    Found existing installation: datasets 4.8.5
    Uninstalling datasets-4.8.5:
      Successfully uninstalled datasets-4.8.5

Successfully installed datasets-2.19.0 dill-0.3.8 fsspec-2024.3.1 multiprocess-0.70.16 pyarrow-hotfix-0.7
Version: 2.19.0
