======================================================
Job ID:    29945552
Array ID:  1
Model:     wav2vec2
Started:   Sun May 31 22:18:27 BST 2026
======================================================
Running LibriSpeech test-clean verification for wav2vec2...
Warning: You are sending unauthenticated requests to the HF Hub. Please set a HF_TOKEN to enable higher rate limits and faster downloads.

============================================================
Model: wav2vec2
Dataset: LibriSpeech test-clean
============================================================
Loading wav2vec2...
Loading weights:   0%|          | 0/423 [00:00<?, ?it/s]Loading weights: 100%|██████████| 423/423 [00:00<00:00, 16675.35it/s]
[transformers] [1mWav2Vec2ForCTC LOAD REPORT[0m from: facebook/wav2vec2-large-960h-lv60-self
Key                        | Status  | 
---------------------------+---------+-
wav2vec2.masked_spec_embed | MISSING | 

Notes:
- MISSING:	those params were newly initialized because missing from the checkpoint. Consider training on your downstream task.
`trust_remote_code` is not supported anymore.
Please check that the Hugging Face dataset 'openslr/librispeech_asr' isn't based on a loading script and remove `trust_remote_code`.
If the dataset is based on a loading script, please ask the dataset author to remove it and convert it to a standard format like Parquet.
Model loaded.
Loading LibriSpeech test-clean...
Dataset loaded.
Traceback (most recent call last):
  File "/rds/user/ors36/hpc-work/trustworthy-asr-pipeline/scripts/run_librispeech_benchmark.py", line 198, in <module>
    main()
  File "/rds/user/ors36/hpc-work/trustworthy-asr-pipeline/scripts/run_librispeech_benchmark.py", line 184, in main
    result = run_model(model_key, args.max_samples)
             ^^^^^^^^^^^^^^^^^^^^^^^^^^^^^^^^^^^^^^
  File "/rds/user/ors36/hpc-work/trustworthy-asr-pipeline/scripts/run_librispeech_benchmark.py", line 102, in run_model
    for i, row in enumerate(dataset):
  File "/rds/user/ors36/hpc-work/trustworthy-asr-pipeline/.venv_librispeech/lib64/python3.11/site-packages/datasets/iterable_dataset.py", line 2690, in __iter__
    for key, example in ex_iterable:
  File "/rds/user/ors36/hpc-work/trustworthy-asr-pipeline/.venv_librispeech/lib64/python3.11/site-packages/datasets/iterable_dataset.py", line 2228, in __iter__
    batch = formatter.format_batch(pa_table)
            ^^^^^^^^^^^^^^^^^^^^^^^^^^^^^^^^
  File "/rds/user/ors36/hpc-work/trustworthy-asr-pipeline/.venv_librispeech/lib64/python3.11/site-packages/datasets/formatting/formatting.py", line 472, in format_batch
    batch = self.python_features_decoder.decode_batch(batch)
            ^^^^^^^^^^^^^^^^^^^^^^^^^^^^^^^^^^^^^^^^^^^^^^^^
  File "/rds/user/ors36/hpc-work/trustworthy-asr-pipeline/.venv_librispeech/lib64/python3.11/site-packages/datasets/formatting/formatting.py", line 234, in decode_batch
    return self.features.decode_batch(batch, token_per_repo_id=self.token_per_repo_id) if self.features else batch
           ^^^^^^^^^^^^^^^^^^^^^^^^^^^^^^^^^^^^^^^^^^^^^^^^^^^^^^^^^^^^^^^^^^^^^^^^^^^
  File "/rds/user/ors36/hpc-work/trustworthy-asr-pipeline/.venv_librispeech/lib64/python3.11/site-packages/datasets/features/features.py", line 2253, in decode_batch
    [
  File "/rds/user/ors36/hpc-work/trustworthy-asr-pipeline/.venv_librispeech/lib64/python3.11/site-packages/datasets/features/features.py", line 2254, in <listcomp>
    decode_nested_example(self[column_name], value, token_per_repo_id=token_per_repo_id)
  File "/rds/user/ors36/hpc-work/trustworthy-asr-pipeline/.venv_librispeech/lib64/python3.11/site-packages/datasets/features/features.py", line 1508, in decode_nested_example
    return schema.decode_example(obj, token_per_repo_id=token_per_repo_id) if obj is not None else None
           ^^^^^^^^^^^^^^^^^^^^^^^^^^^^^^^^^^^^^^^^^^^^^^^^^^^^^^^^^^^^^^^
  File "/rds/user/ors36/hpc-work/trustworthy-asr-pipeline/.venv_librispeech/lib64/python3.11/site-packages/datasets/features/audio.py", line 186, in decode_example
    raise ImportError("To support decoding audio data, please install 'torchcodec'.")
ImportError: To support decoding audio data, please install 'torchcodec'.
Fatal Python error: PyGILState_Release: thread state 0x146afc004c80 must be current when releasing
Python runtime state: finalizing (tstate=0x0000146d570bbb78)

Thread 0x0000146d57308740 (most recent call first):
  <no Python frame>

Extension modules: regex._regex, numpy._core._multiarray_umath, numpy.linalg._umath_linalg, yaml._yaml, markupsafe._speedups, torch._C, torch._C._dynamo.autograd_compiler, torch._C._dynamo.eval_frame, torch._C._dynamo.guards, torch._C._dynamo.utils, torch._C._fft, torch._C._linalg, torch._C._nested, torch._C._nn, torch._C._sparse, torch._C._special, numpy.random._common, numpy.random.bit_generator, numpy.random._bounded_integers, numpy.random._pcg64, numpy.random._generator, numpy.random._mt19937, numpy.random._philox, numpy.random._sfc64, numpy.random.mtrand, _cyutility, scipy._cyutility, scipy._lib._ccallback_c, scipy.linalg._fblas, scipy.linalg._flapack, scipy.linalg.cython_lapack, charset_normalizer.md, charset_normalizer.cd, scipy.linalg._cythonized_array_utils, scipy.linalg._solve_toeplitz, scipy.linalg._batched_linalg, scipy.linalg._decomp_lu_cython, scipy.linalg._matfuncs_schur_sqrtm, scipy.linalg._matfuncs_expm, scipy.linalg._linalg_pythran, scipy.linalg.cython_blas, scipy.linalg._decomp_update, scipy.sparse._sparsetools, _csparsetools, scipy.sparse._csparsetools, scipy.sparse.linalg._dsolve._superlu, scipy.sparse.linalg._eigen.arpack._arpacklib, scipy.sparse.linalg._propack, scipy.optimize._group_columns, scipy._lib.messagestream, scipy.optimize._trlib._trlib, scipy.optimize._lbfgsb, _moduleTNC, scipy.optimize._moduleTNC, scipy.optimize._slsqplib, scipy.optimize._minpack, scipy.optimize._lsq.givens_elimination, scipy.optimize._zeros, scipy._lib._uarray._uarray, scipy.special._ufuncs_cxx, scipy.special._ellip_harm_2, scipy.special._special_ufuncs, scipy.special._gufuncs, scipy.special._ufuncs, scipy.special._specfun, scipy.special._comb, scipy.linalg._decomp_interpolative, scipy.optimize._bglu_dense, scipy.optimize._lsap, scipy.spatial._ckdtree, scipy.spatial._qhull, scipy.spatial._voronoi, scipy.spatial._hausdorff, scipy.spatial._distance_wrap, scipy.spatial.transform._rotation_cy, scipy.spatial.transform._rigid_transform_cy, scipy.optimize._direct, pyarrow.lib, pandas._libs._cyutility, pandas._libs.tslibs.ccalendar, pandas._libs.tslibs.np_datetime, pandas._libs.tslibs.dtypes, pandas._libs.tslibs.base, pandas._libs.tslibs.nattype, pandas._libs.tslibs.timezones, pandas._libs.properties, pandas._libs.tslibs.fields, pandas._libs.tslibs.timedeltas, pandas._libs.tslibs.tzconversion, pandas._libs.tslibs.timestamps, pandas._libs.tslibs.offsets, pandas._libs.tslibs.strptime, pandas._libs.tslibs.parsing, pandas._libs.tslibs.conversion, pandas._libs.tslibs.period, pandas._libs.tslibs.vectorized, pandas._libs.ops_dispatch, pandas._libs.missing, pandas._libs.hashtable, pandas._libs.algos, pandas._libs.interval, pandas._libs.lib, pyarrow._compute, pandas._libs.ops, pandas._libs.hashing, pandas._libs.arrays, pandas._libs.tslib, pandas._libs.sparse, pandas._libs.internals, pandas._libs.indexing, pandas._libs.index, pandas._libs.writers, pandas._libs.join, pandas._libs.window.aggregations, pandas._libs.window.indexers, pandas._libs.reshape, pandas._libs.groupby, pandas._libs.json, pandas._libs.parsers, pandas._libs.testing, pyarrow._acero, pyarrow._fs, pyarrow._csv, pyarrow._json, pyarrow._substrait, pyarrow._dataset, pyarrow._dataset_orc, pyarrow._parquet, pyarrow._azurefs, pyarrow._hdfs, pyarrow._gcsfs, pyarrow._s3fs, pyarrow._parquet_encryption, pyarrow._dataset_parquet_encryption, pyarrow._dataset_parquet, requests.packages.charset_normalizer.md, requests.packages.chardet.md, requests.packages.charset_normalizer.cd, requests.packages.chardet.cd, multidict._multidict, yarl._quoting_c, propcache._helpers_c, aiohttp._http_writer, aiohttp._http_parser, aiohttp._websocket.mask, aiohttp._websocket.reader_c, frozenlist._frozenlist, xxhash._xxhash, rapidfuzz._feature_detector_cpp, rapidfuzz.distance._initialize_cpp, rapidfuzz.distance.metrics_cpp_avx2, rapidfuzz.fuzz_cpp_avx2, rapidfuzz.process_cpp_impl, rapidfuzz.utils_cpp, sklearn.__check_build._check_build, scipy.integrate._odepack, scipy.integrate._quadpack, scipy.integrate._vode, scipy.integrate._dop, scipy.interpolate._fitpack, scipy.interpolate._dfitpack, scipy.interpolate._dierckx, scipy.interpolate._ppoly, scipy.interpolate._interpnd, scipy.interpolate._rbfinterp_pythran, scipy.interpolate._rgi_cython, scipy.special.cython_special, scipy.stats._stats, scipy.stats._biasedurn, scipy.stats._stats_pythran, scipy.stats._levy_stable.levyst, scipy.stats._ansari_swilk_statistics, scipy.sparse.csgraph._tools, scipy.sparse.csgraph._shortest_path, scipy.sparse.csgraph._traversal, scipy.sparse.csgraph._min_spanning_tree, scipy.sparse.csgraph._flow, scipy.sparse.csgraph._matching, scipy.sparse.csgraph._reordering, scipy.stats._sobol, scipy.stats._qmc_cy, scipy.stats._rcont.rcont, scipy.stats._qmvnt_cy, scipy.ndimage._nd_image, scipy.ndimage._rank_filter_1d, _ni_label, scipy.ndimage._ni_label, sklearn._cyutility, sklearn.utils._isfinite, sklearn.utils.sparsefuncs_fast, sklearn.utils.murmurhash, sklearn.utils._openmp_helpers, sklearn.metrics.cluster._expected_mutual_info_fast, sklearn.metrics._dist_metrics, sklearn.metrics._pairwise_distances_reduction._datasets_pair, sklearn.utils._cython_blas, sklearn.metrics._pairwise_distances_reduction._base, sklearn.metrics._pairwise_distances_reduction._middle_term_computer, sklearn.utils._heap, sklearn.utils._sorting, sklearn.metrics._pairwise_distances_reduction._argkmin, sklearn.metrics._pairwise_distances_reduction._argkmin_classmode, sklearn.utils._vector_sentinel, sklearn.metrics._pairwise_distances_reduction._radius_neighbors, sklearn.metrics._pairwise_distances_reduction._radius_neighbors_classmode, sklearn.metrics._pairwise_fast, sklearn.preprocessing._csr_polynomial_expansion, sklearn.preprocessing._target_encoder_fast, _cffi_backend, scipy.io.matlab._mio_utils, scipy.io.matlab._streams, scipy.io.matlab._mio5_utils (total: 212)
/var/spool/slurm/slurmd/job29945552/slurm_script: line 31: 82358 Aborted                 python3.11 scripts/run_librispeech_benchmark.py --model $MODEL
Finished: Sun May 31 22:19:42 BST 2026
